.\mvnw : The JAVA_HOME environment variable is not defined correctly, 
At line:1 char:1
+ .\mvnw compile 2>&1 | Out-File -FilePath build_output.txt
+ ~~~~~~~~~~~~~~~~~~~
    + CategoryInfo          : NotSpecified: (The JAVA_HOME e...ned correctly,  
   :String) [], RemoteException
    + FullyQualifiedErrorId : NativeCommandError
 
this environment variable is needed to run this program. 
